Starting test...
Failed to create workspace: module 'tests.utilities' has no attribute 'Infra'
